------------------------------------------------------------
Timing Analyzer Summary
------------------------------------------------------------

Type  : Slow 1100mV 85C Model Setup 'clk_server_unit'
Slack : -0.542
TNS   : -5.690

Type  : Slow 1100mV 85C Model Hold 'clk_server_unit'
Slack : 0.541
TNS   : 0.000

Type  : Slow 1100mV 85C Model Minimum Pulse Width 'clk_server_unit'
Slack : -0.724
TNS   : -17.734

Type  : Slow 1100mV 0C Model Setup 'clk_server_unit'
Slack : -0.610
TNS   : -6.086

Type  : Slow 1100mV 0C Model Hold 'clk_server_unit'
Slack : 0.550
TNS   : 0.000

Type  : Slow 1100mV 0C Model Minimum Pulse Width 'clk_server_unit'
Slack : -0.724
TNS   : -17.935

Type  : Fast 1100mV 85C Model Setup 'clk_server_unit'
Slack : 0.342
TNS   : 0.000

Type  : Fast 1100mV 85C Model Hold 'clk_server_unit'
Slack : 0.180
TNS   : 0.000

Type  : Fast 1100mV 85C Model Minimum Pulse Width 'clk_server_unit'
Slack : -0.073
TNS   : -1.112

Type  : Fast 1100mV 0C Model Setup 'clk_server_unit'
Slack : 0.386
TNS   : 0.000

Type  : Fast 1100mV 0C Model Hold 'clk_server_unit'
Slack : 0.171
TNS   : 0.000

Type  : Fast 1100mV 0C Model Minimum Pulse Width 'clk_server_unit'
Slack : -0.074
TNS   : -1.149

------------------------------------------------------------
