------------------------------------------------------------
Timing Analyzer Summary
------------------------------------------------------------

Type  : Slow 1100mV 85C Model Setup 'sys_clk'
Slack : -9.509
TNS   : -342.052

Type  : Slow 1100mV 85C Model Hold 'sys_clk'
Slack : 0.208
TNS   : 0.000

Type  : Slow 1100mV 85C Model Minimum Pulse Width 'sys_clk'
Slack : -0.724
TNS   : -144.535

Type  : Slow 1100mV 0C Model Setup 'sys_clk'
Slack : -9.577
TNS   : -332.842

Type  : Slow 1100mV 0C Model Hold 'sys_clk'
Slack : 0.311
TNS   : 0.000

Type  : Slow 1100mV 0C Model Minimum Pulse Width 'sys_clk'
Slack : -0.724
TNS   : -140.980

Type  : Fast 1100mV 85C Model Setup 'sys_clk'
Slack : -3.213
TNS   : -78.530

Type  : Fast 1100mV 85C Model Hold 'sys_clk'
Slack : 0.144
TNS   : 0.000

Type  : Fast 1100mV 85C Model Minimum Pulse Width 'sys_clk'
Slack : -0.046
TNS   : -4.429

Type  : Fast 1100mV 0C Model Setup 'sys_clk'
Slack : -2.882
TNS   : -62.519

Type  : Fast 1100mV 0C Model Hold 'sys_clk'
Slack : 0.150
TNS   : 0.000

Type  : Fast 1100mV 0C Model Minimum Pulse Width 'sys_clk'
Slack : -0.072
TNS   : -6.781

------------------------------------------------------------
